// Jest Snapshot v1, https://goo.gl/fbAQLP

exports[`integration test withKitState HOC sanity test it renders without crashing 1`] = `
Object {
  "category": 0,
  "layer": 1,
  "orientation": 0,
  "positionX": 0,
  "positionY": 0,
  "rotation": 0,
  "scale": 100,
  "typeID": 0,
  "updateLayer": [Function],
  "updateOrientation": [Function],
  "updatePositionX": [Function],
  "updatePositionY": [Function],
  "updateRotation": [Function],
  "updateScale": [Function],
}
`;
